date,open,high,low,close,volume
1449999900,120.0000,120.0000,120.0000,120.0000,0.4000
1450000200,150.0000,150.0000,150.0000,150.0000,0.4000
