date,open,high,low,close,volume
1449999960,120.0000,120.0000,119.0000,120.0000,0.4000
1450000020,120.0000,120.0000,120.0000,120.0000,0.4000
