date,open,high,low,close,volume
1449999960,126.0000,130.0000,120.0000,120.0000,0.4000
1450000020,120.0000,120.0000,120.0000,120.0000,0.4000
