date,price,volume
1450000005,120.0,0.4
1450000062,120.0,0.4
1450000138,120.0,0.4
