date,open,high,low,close,volume
1449999960,120.0000,120.0000,120.0000,120.0000,0.0000
