date,open,high,low,close,volume
2015-12-13 06:46:00,120.0000,121.0000,120.0000,120.0000,0.0000
2015-12-13 06:47:00,120.0000,120.0000,120.0000,120.0000,0.0000
