date,open,high,low,close,volume
2015-12-13 06:46:00,120.0000,120.0000,120.0000,120.0000,0.4000
